// Jest Snapshot v1, https://goo.gl/fbAQLP

exports[`ProductImage should render image from context 1`] = `
<div
  className="productCard undefined"
>
  <img
    alt="Coffee Mug"
    className="productImg undefined"
    src="./coffee-mug.png"
  />
</div>
`;

exports[`ProductImage should render with image string 1`] = `
<img
  alt="Product"
  className="productImg custom-class"
  src="testImage.png"
/>
`;
